<UIView; frame = (0 0; 1112 834); autoresize = W+H; backgroundColor = UIExtendedGrayColorSpace 1 1; layer = <CALayer>>
   | <UILabel; frame = (528 20; 56.5 20.5); text = 'What's'; userInteractionEnabled = NO; backgroundColor = UIExtendedGrayColorSpace 0 0; layer = <_UILabelLayer>>
   | <UILabel; frame = (0 417; 25 20.5); text = 'the'; userInteractionEnabled = NO; backgroundColor = UIExtendedGrayColorSpace 0 0; layer = <_UILabelLayer>>
   | <UILabel; frame = (1021.5 417; 90.5 20.5); text = 'point of this'; userInteractionEnabled = NO; backgroundColor = UIExtendedGrayColorSpace 0 0; layer = <_UILabelLayer>>
   | <UILabel; frame = (552.5 816; 7.5 18); text = '?'; userInteractionEnabled = NO; backgroundColor = UIExtendedGrayColorSpace 0 0; layer = <_UILabelLayer>>