<UIView; frame = (0 0; 414 736); autoresize = W+H; backgroundColor = UIExtendedGrayColorSpace 1 1; layer = <CALayer>>
   | <UILabel; frame = (180.5 20; 53.5 19.5); text = 'What's'; userInteractionEnabled = NO; backgroundColor = UIExtendedGrayColorSpace 0 0; layer = <_UILabelLayer>>
   | <UILabel; frame = (0 368.5; 23.5 19.5); text = 'the'; userInteractionEnabled = NO; backgroundColor = UIExtendedGrayColorSpace 0 0; layer = <_UILabelLayer>>
   | <UILabel; frame = (327.5 368.5; 86.5 19.5); text = 'point of this'; userInteractionEnabled = NO; backgroundColor = UIExtendedGrayColorSpace 0 0; layer = <_UILabelLayer>>
   | <UILabel; frame = (203.5 719; 7.5 17); text = '?'; userInteractionEnabled = NO; backgroundColor = UIExtendedGrayColorSpace 0 0; layer = <_UILabelLayer>>