<UIView; frame = (0 0; 375 812); autoresize = W+H; backgroundColor = UIExtendedGrayColorSpace 1 1; layer = <CALayer>>
   | <UILabel; frame = (161 44; 53.5 19.5); text = 'What's'; userInteractionEnabled = NO; backgroundColor = UIExtendedGrayColorSpace 0 0; layer = <_UILabelLayer>>
   | <UILabel; frame = (0 401.5; 23.5 19.5); text = 'the'; userInteractionEnabled = NO; backgroundColor = UIExtendedGrayColorSpace 0 0; layer = <_UILabelLayer>>
   | <UILabel; frame = (288.5 401.5; 86.5 19.5); text = 'point of this'; userInteractionEnabled = NO; backgroundColor = UIExtendedGrayColorSpace 0 0; layer = <_UILabelLayer>>
   | <UILabel; frame = (184 761; 7.5 17); text = '?'; userInteractionEnabled = NO; backgroundColor = UIExtendedGrayColorSpace 0 0; layer = <_UILabelLayer>>