<UIView; frame = (0 0; 320 568); autoresize = W+H; layer = <CALayer>>
   | <UILabel; frame = (16 20; 288 33.5); text = 'What's the point of this?'; userInteractionEnabled = NO; backgroundColor = UIExtendedGrayColorSpace 0 0; layer = <_UILabelLayer>>